// Jest Snapshot v1, https://goo.gl/fbAQLP

exports[`Home should render Index 1`] = `ShallowWrapper {}`;
